<html>
<body>
<pre>
<h1>µVision Build Log</h1>
<h2>Tool Versions:</h2>
IDE-Version: ¦ÌVision V5.29.0.0
Copyright (C) 2019 ARM Ltd and ARM Germany GmbH. All rights reserved.
License Information: LinYuheng dazhexue, BUPT, LIC=9N0AE-59F4X-VJK6J-UMNC4-6FJ8A-4EIDV
 
Tool Versions:
Toolchain:       MDK-ARM Professional  Version: 5.29.0.0
Toolchain Path:  D:\keil5\ARM\ARMCC\Bin
C Compiler:      Armcc.exe V5.06 update 6 (build 750)
Assembler:       Armasm.exe V5.06 update 6 (build 750)
Linker/Locator:  ArmLink.exe V5.06 update 6 (build 750)
Library Manager: ArmAr.exe V5.06 update 6 (build 750)
Hex Converter:   FromElf.exe V5.06 update 6 (build 750)
CPU DLL:         SARMCM3.DLL V5.29.0.0
Dialog DLL:      DCM.DLL V1.17.3.0
Target DLL:      STLink\ST-LINKIII-KEIL_SWO.dll V3.0.7.0
Dialog DLL:      TCM.DLL V1.36.5.0
 
<h2>Project:</h2>
E:\stm32\armor\MDK-ARM\armor.uvprojx
Project File Date:  03/09/2026

<h2>Output:</h2>
*** Using Compiler 'V5.06 update 6 (build 750)', folder: 'D:\keil5\ARM\ARMCC\Bin'
Build target 'armor'
assembling startup_stm32f103xb.s...
compiling stm32f1xx_it.c...
compiling usart.c...
compiling stm32f1xx_hal_gpio_ex.c...
compiling i2c.c...
compiling stm32f1xx_hal_rcc_ex.c...
compiling gpio.c...
compiling dma.c...
compiling stm32f1xx_hal_gpio.c...
compiling stm32f1xx_hal.c...
compiling stm32f1xx_hal_can.c...
compiling tim.c...
compiling stm32f1xx_hal_msp.c...
compiling can.c...
compiling stm32f1xx_hal_rcc.c...
compiling main.c...
../BSP/hx711.h(30): warning:  #1295-D: Deprecated declaration get_hit - give arg types
  uint8_t get_hit();
../BSP/hx711.h(31): warning:  #1295-D: Deprecated declaration printf_hx711_data - give arg types
  void printf_hx711_data();
../BSP/sk6812.h(72): warning:  #1-D: last line of file ends without a newline
  #endif //ARMOR_SK6812_H
../Core/Src/main.c: 3 warnings, 0 errors
compiling bsp_led.c...
compiling system_stm32f1xx.c...
compiling bsp_dwt.c...
..\BSP\bsp_dwt.c(137): warning:  #1-D: last line of file ends without a newline
  }
..\BSP\bsp_dwt.c: 1 warning, 0 errors
compiling stm32f1xx_hal_cortex.c...
compiling stm32f1xx_hal_flash.c...
compiling hx711.c...
..\BSP\hx711.h(30): warning:  #1295-D: Deprecated declaration get_hit - give arg types
  uint8_t get_hit();
..\BSP\hx711.h(31): warning:  #1295-D: Deprecated declaration printf_hx711_data - give arg types
  void printf_hx711_data();
..\BSP\hx711.c: 2 warnings, 0 errors
compiling stm32f1xx_hal_dma.c...
compiling sk6812.c...
..\BSP\sk6812.h(72): warning:  #1-D: last line of file ends without a newline
  #endif //ARMOR_SK6812_H
..\BSP\hx711.h(30): warning:  #1295-D: Deprecated declaration get_hit - give arg types
  uint8_t get_hit();
..\BSP\hx711.h(31): warning:  #1295-D: Deprecated declaration printf_hx711_data - give arg types
  void printf_hx711_data();
..\BSP\sk6812.c: 3 warnings, 0 errors
compiling stm32f1xx_hal_pwr.c...
compiling stm32f1xx_hal_flash_ex.c...
compiling stm32f1xx_hal_exti.c...
compiling stm32f1xx_hal_uart.c...
compiling stm32f1xx_hal_tim_ex.c...
compiling stm32f1xx_hal_i2c.c...
compiling stm32f1xx_hal_tim.c...
linking...
Program Size: Code=13454 RO-data=330 RW-data=84 ZI-data=17780  
FromELF: creating hex file...
"armor\armor.axf" - 0 Error(s), 9 Warning(s).

<h2>Software Packages used:</h2>

Package Vendor: ARM
                http://www.keil.com/pack/ARM.CMSIS.5.6.0.pack
                ARM.CMSIS.5.6.0
                CMSIS (Cortex Microcontroller Software Interface Standard)
   * Component: CORE Version: 5.3.0

Package Vendor: Keil
                http://www.keil.com/pack/Keil.STM32F1xx_DFP.2.3.0.pack
                Keil.STM32F1xx_DFP.2.3.0
                STMicroelectronics STM32F1 Series Device Support, Drivers and Examples

<h2>Collection of Component include folders:</h2>
  .\RTE\_armor
  E:\keil\ARM\CMSIS\5.6.0\CMSIS\Core\Include
  E:\keil\Keil\STM32F1xx_DFP\2.3.0\Device\Include

<h2>Collection of Component Files used:</h2>

   * Component: ARM::CMSIS:CORE:5.3.0
Build Time Elapsed:  00:00:05
</pre>
</body>
</html>
